/contact 184.123.665.067
/contact 184.123.665.067
/contact 543.910.244.929
/about/2 444.701.448.104
/about/2 444.701.448.105
/about/2 836.973.694.403
/index 444.701.448.104
/index 316.433.849.805
/index 802.683.925.780
/index 802.683.925.781
